// Jest Snapshot v1, https://goo.gl/fbAQLP

exports[`<Profile /> renders the UI as expected 1`] = `
Array [
  <section
    className="goBack"
  >
    <span
      className="back_button"
      onClick={[Function]}
    >
      <i
        className="fas fa-chevron-left"
      />
    </span>
  </section>,
  <h2>
    Hello, 
    !
  </h2>,
  <section
    className="currBudgets"
  >
    <b>
      Current Budgets
    </b>
    <br />
    Calories: 
    <br />
    Fat: 
    <br />
    Carbs: 
    <br />
    Protein: 
  </section>,
  <button
    className="Button"
    onClick={[Function]}
    type="button"
  >
    Edit Budgets
  </button>,
]
`;
