// Jest Snapshot v1, https://goo.gl/fbAQLP

exports[`<Meals /> renders the UI as expected 1`] = `
<div>
  <div
    className="mealsHeader"
  >
    <h2>
      Your Meals
    </h2>
    <button
      onClick={[Function]}
    >
      Add Meal
    </button>
  </div>
  <section
    className="mealsContainer"
  />
</div>
`;
