// Jest Snapshot v1, https://goo.gl/fbAQLP

exports[`<LogHome /> renders the UI as expected 1`] = `
<section
  className="dashboard"
>
  <div
    className="linkContainer"
  >
    <a
      className="button"
      href="/logmeal"
      onClick={[Function]}
    >
      Log a Meal That You've Created
    </a>
    <a
      className="button"
      href="/logsnack"
      onClick={[Function]}
    >
      Log a Single Item Snack
    </a>
  </div>
  <h2
    className="eventsHeading"
  >
    Today's Activity:
  </h2>
</section>
`;
