// Jest Snapshot v1, https://goo.gl/fbAQLP

exports[`<LogHome /> renders the UI as expected 1`] = `
Array [
  <section
    className="goBack"
  >
    <span
      className="back_button"
      onClick={[Function]}
    >
      <i
        className="fas fa-chevron-left"
      />
    </span>
  </section>,
  <section
    className="dashboard"
  >
    <div
      className="linkContainer"
    >
      <a
        className="button"
        href="/logmeal"
        onClick={[Function]}
      >
        Log a meal that you've created
      </a>
      <a
        className="button"
        href="/logsnack"
        onClick={[Function]}
      >
        Log a single item snack
      </a>
    </div>
    <h2
      className="eventsHeading"
    >
      Today's activity:
    </h2>
  </section>,
]
`;
