// Jest Snapshot v1, https://goo.gl/fbAQLP

exports[`<App /> renders the UI as expected 1`] = `
<div
  className="App"
>
  <header
    className="backgroundColor2 textColor2 shadow"
  >
    <a
      href="/"
      onClick={[Function]}
      style={
        Object {
          "textDecoration": "none",
        }
      }
    >
      <img
        alt="Munch Stats"
        className="logoTest"
        src="logo_m.png"
      />
    </a>
    <nav>
      <a
        href="/login"
        onClick={[Function]}
        style={
          Object {
            "textDecoration": "none",
          }
        }
      >
        Log In
      </a>
       | 
      <a
        href="/register"
        onClick={[Function]}
        style={
          Object {
            "textDecoration": "none",
          }
        }
      >
        Sign Up
      </a>
    </nav>
  </header>
  <main>
    <section
      className="registrationPage"
    >
      <h1>
        Munch Stats
      </h1>
      <p
        id="tagline"
      >
        Create Meals, Eat Them, Stay Healthy
      </p>
      <h2>
        Sign Up
      </h2>
      <div
        className="formContainer"
      >
        <form
          className="RegistrationForm"
          onSubmit={[Function]}
        >
          <div
            role="alert"
          />
          <div
            className="formField"
          >
            <label
              className="Label inputLabel backgroundColor6 border3 textColor3"
              htmlFor="registration-name-input"
            >
              Name
              <span
                className="Required"
              >
                *
              </span>
            </label>
            <input
              className="Input inputField border3 backgroundColor4"
              id="registration-name-input"
              name="name"
              required={true}
              type="text"
            />
          </div>
          <div
            className="formField"
          >
            <label
              className="Label inputLabel backgroundColor6 border3 textColor3"
              htmlFor="registration-username-input"
            >
              Username
              <span
                className="Required"
              >
                *
              </span>
            </label>
            <input
              className="Input inputField border3 backgroundColor4"
              id="registration-username-input"
              name="username"
              required={true}
              type="text"
            />
          </div>
          <div
            className="formField"
          >
            <label
              className="Label inputLabel backgroundColor6 border3 textColor3"
              htmlFor="registration-password-input"
            >
              Password
              <span
                className="Required"
              >
                *
              </span>
            </label>
            <input
              className="Input inputField border3 backgroundColor4"
              id="registration-password-input"
              name="password"
              required={true}
              type="password"
            />
          </div>
          <button
            className="Button"
            type="submit"
          >
            Sign Up
          </button>
          <footer>
            <p>
              Already have an account? 
              <a
                href="/login"
                onClick={[Function]}
                style={
                  Object {
                    "textDecoration": "underline",
                  }
                }
              >
                Log In!
              </a>
            </p>
            <p>
              Want to test out the app before registering? 
              <a
                href="/"
                onClick={[Function]}
                style={
                  Object {
                    "textDecoration": "underline",
                  }
                }
              >
                Log in as a test user.
              </a>
            </p>
            <p>
              Want to learn more about Munch Stats? Check out the 
              <a
                href="/about"
                onClick={[Function]}
                style={
                  Object {
                    "textDecoration": "underline",
                  }
                }
              >
                About page!
              </a>
            </p>
          </footer>
        </form>
      </div>
    </section>
  </main>
</div>
`;
