// Jest Snapshot v1, https://goo.gl/fbAQLP

exports[`<LogSnack /> renders the UI as expected 1`] = `
Array [
  <section
    className="goBack"
  >
    <span
      className="back_button"
      onClick={[Function]}
    >
      <i
        className="fas fa-chevron-left"
      />
    </span>
  </section>,
  <div
    className="mealLogContainer"
  >
    <h3>
      Log a Single Item Snack!
    </h3>
    <div
      className="IngredientFormContainer shadow  backgroundColor5"
    >
      <form
        className="mealForm"
        onSubmit={[Function]}
      >
        <div
          className="formField"
          id="addIngredientInput"
        >
          <label
            className="inputLabel backgroundColor6 border3 textColor3"
            htmlFor="ingredient-input"
          >
            Ingredient: 
          </label>
          <input
            className="inputField border3 backgroundColor8"
            id="ingredient-input"
            name="ingredient-input"
            onChange={[Function]}
            required={true}
            value=""
          />
        </div>
        <button
          className="Button textColor3 addIngredientButton backgroundColor6"
          type="submit"
        >
          Search
        </button>
      </form>
      <section
        className="results"
      >
        <br />
      </section>
    </div>
  </div>,
]
`;
