// Jest Snapshot v1, https://goo.gl/fbAQLP

exports[`<MealDetails /> renders the UI as expected 1`] = `
Array [
  <section
    className="goBack"
  >
    <span
      className="back_button"
      onClick={[Function]}
    >
      <i
        className="fas fa-chevron-left"
      />
    </span>
  </section>,
  <h3
    className="mealName"
  />,
  <div
    className="mealContainer"
  >
    <section
      className="finalIngredientsContainer"
    >
      <div
        className="panel backgroundColor7 shadow textColor1 deatailsPanel"
      >
        <div
          className="panelHeader backgroundColor2 textColor2 "
        >
          <h3>
            Meal Ingredients
          </h3>
          <p
            className="modalOpener"
            onClick={[Function]}
          >
            Add Ingredient
          </p>
        </div>
        <div
          className="finalIngredients"
        >
          <div
            style={
              Object {
                "marginTop": "100px",
              }
            }
          >
            Nothing so far!
          </div>
        </div>
      </div>
    </section>
    <section
      className="currentMealStats"
    >
      <div
        className="panel deatailsPanel backgroundColor7 shadow textColor1"
      >
        <h3
          className="panelHeader backgroundColor2 textColor2"
        >
          Meal Nutrition Information
        </h3>
        <div
          className="nutritionInfo"
        >
          <p
            className="mealNutrientStats"
          >
            calories: 
            NaN
          </p>
          <p
            className="mealNutrientStats"
          >
             fat: 
            NaN
             
          </p>
          <p
            className="mealNutrientStats"
          >
            carbs: 
            NaN
             
          </p>
          <p
            className="mealNutrientStats"
          >
            protein: 
            NaN
          </p>
        </div>
      </div>
    </section>
  </div>,
]
`;
